// Jest Snapshot v1, https://goo.gl/fbAQLP

exports[`App snapshot renders 1`] = `
<button
  className="sc-bdVaJa faugNV"
>
  Buscar
</button>
`;
